[index-2.html]
[wp-content/uploads/2020/04/img-1.png]
[wp-includes/css/dist/block-library/style.min6a4d.css]
[wp-includes/css/classic-themes.min68b3.css]
[wp-content/plugins/wpml-translation-management/res/css/admin-bar-style7d47.css]
[wp-content/themes/baloota/style8a54.css]
[wp-content/themes/baloota/css/normalize6a4d.css]
[wp-content/themes/baloota/css/font6a4d.css]
[wp-content/themes/baloota/fonts/fontawesome-pro-5.11.2-web/css/all.min6a4d.css]
[wp-content/themes/baloota/css/nice-select6a4d.css]
[wp-content/themes/baloota/css/owl.theme.default.min6a4d.css]
[wp-content/themes/baloota/css/owl.carousel.min6a4d.css]
[wp-content/themes/baloota/css/styles6a4d.css]
[wp-content/themes/baloota/css/responsive6a4d.css]
[wp-content/themes/baloota/js/jquery.min6a4d.js]
[wp-json/wp/v2/pages/5.json]
[index3c0f.html]
[wp-json/oembed/1.0/embed431e.json]
[wp-json/index.html]
[wp-json/oembed/1.0/embedb034]
[wp-content/uploads/2020/04/footer-logo-1.png]
[wp-content/uploads/2020/04/logo.svg]
[wp-content/uploads/2020/04/btn.png]
[blog/index.html]
[weve-got-you-covered/index.html]
[see-why-customers-love-us/index.html]
[faq/index.html]
[wp-content/themes/baloota/img/user.png]
[wp-content/uploads/2020/04/footer-logo-2.png]
[wp-content/uploads/2020/04/footer-logo-3.png]
[faq/privacy-policy/index.html]
[wp-content/themes/baloota/js/jquery.nice-select.min6a4d.js]
[wp-content/themes/baloota/js/jquery.sticky6a4d.js]
[wp-content/themes/baloota/js/jquery.dotdotdot6a4d.js]
[faq/terms/index.html]
[wp-content/themes/baloota/js/jquery.animateNumber.min6a4d.js]
[wp-content/themes/baloota/js/owl.carousel6a4d.js]
[wp-content/themes/baloota/js/materialize.min6a4d.js]
[wp-content/themes/baloota/js/isotope.pkgd.min6a4d.js]
[wp-content/themes/baloota/js/script6a4d.js]
[wp-content/themes/baloota/js/common6a4d.js]
[index-2.html]
[wp-includes/css/dist/block-library/style.min6a4d.css]
[wp-includes/css/classic-themes.min68b3.css]
[wp-content/plugins/wpml-translation-management/res/css/admin-bar-style7d47.css]
[wp-content/themes/baloota/img/preloader.gif]
[wp-content/themes/baloota/style8a54.css]
[wp-content/themes/baloota/css/normalize6a4d.css]
[wp-content/themes/baloota/fonts/Roboto-Regular.eot]
[wp-content/themes/baloota/fonts/Roboto-Regulard41d.eot]
[wp-content/themes/baloota/fonts/Roboto-Regular.woff]
[wp-content/themes/baloota/fonts/Roboto-Regular.ttf]
[wp-content/themes/baloota/fonts/Roboto-Medium.eot]
[wp-content/themes/baloota/fonts/Roboto-Mediumd41d.eot]
[wp-content/themes/baloota/fonts/Roboto-Medium.woff]
[wp-content/themes/baloota/fonts/Roboto-Medium.ttf]
[wp-content/themes/baloota/fonts/Roboto-Bold.eot]
[wp-content/themes/baloota/fonts/Roboto-Boldd41d.eot]
[wp-content/themes/baloota/fonts/Roboto-Bold.woff]
[wp-content/themes/baloota/fonts/Roboto-Bold.ttf]
[wp-content/themes/baloota/fonts/Roboto-Black.eot]
[wp-content/themes/baloota/fonts/Roboto-Blackd41d.eot]
[wp-content/themes/baloota/fonts/Roboto-Black.woff]
[wp-content/themes/baloota/fonts/Roboto-Black.ttf]
[wp-content/themes/baloota/css/font6a4d.css]
[wp-content/themes/baloota/fonts/fontawesome-pro-5.11.2-web/webfonts/fa-brands-400.eot]
[wp-content/themes/baloota/fonts/fontawesome-pro-5.11.2-web/webfonts/fa-brands-400d41d.eot]
[wp-content/themes/baloota/fonts/fontawesome-pro-5.11.2-web/webfonts/fa-brands-400.woff2]
[wp-content/themes/baloota/fonts/fontawesome-pro-5.11.2-web/webfonts/fa-brands-400.woff]
[wp-content/themes/baloota/fonts/fontawesome-pro-5.11.2-web/webfonts/fa-brands-400.ttf]
[wp-content/themes/baloota/fonts/fontawesome-pro-5.11.2-web/webfonts/fa-brands-400.svg]
[wp-content/themes/baloota/fonts/fontawesome-pro-5.11.2-web/webfonts/fa-duotone-900.eot]
[wp-content/themes/baloota/fonts/fontawesome-pro-5.11.2-web/webfonts/fa-duotone-900d41d.eot]
[wp-content/themes/baloota/fonts/fontawesome-pro-5.11.2-web/webfonts/fa-duotone-900.woff2]
[wp-content/themes/baloota/fonts/fontawesome-pro-5.11.2-web/webfonts/fa-duotone-900.woff]
[wp-content/themes/baloota/fonts/fontawesome-pro-5.11.2-web/webfonts/fa-duotone-900.ttf]
[wp-content/themes/baloota/fonts/fontawesome-pro-5.11.2-web/webfonts/fa-light-300.eot]
[wp-content/themes/baloota/fonts/fontawesome-pro-5.11.2-web/webfonts/fa-light-300d41d.eot]
[wp-content/themes/baloota/fonts/fontawesome-pro-5.11.2-web/webfonts/fa-light-300.woff2]
[wp-content/themes/baloota/fonts/fontawesome-pro-5.11.2-web/webfonts/fa-duotone-900.svg]
[wp-content/themes/baloota/fonts/fontawesome-pro-5.11.2-web/webfonts/fa-light-300.woff]
[wp-content/themes/baloota/fonts/fontawesome-pro-5.11.2-web/webfonts/fa-light-300.ttf]
[wp-content/themes/baloota/fonts/fontawesome-pro-5.11.2-web/webfonts/fa-regular-400.eot]
[wp-content/themes/baloota/fonts/fontawesome-pro-5.11.2-web/webfonts/fa-regular-400.woff2]
[wp-content/themes/baloota/fonts/fontawesome-pro-5.11.2-web/webfonts/fa-light-300.svg]
[wp-content/themes/baloota/fonts/fontawesome-pro-5.11.2-web/webfonts/fa-regular-400d41d.eot]
[wp-content/themes/baloota/fonts/fontawesome-pro-5.11.2-web/webfonts/fa-regular-400.woff]
[wp-content/themes/baloota/fonts/fontawesome-pro-5.11.2-web/webfonts/fa-regular-400.ttf]
[wp-content/themes/baloota/fonts/fontawesome-pro-5.11.2-web/webfonts/fa-solid-900.eot]
[wp-content/themes/baloota/fonts/fontawesome-pro-5.11.2-web/webfonts/fa-regular-400.svg]
[wp-content/themes/baloota/fonts/fontawesome-pro-5.11.2-web/webfonts/fa-solid-900d41d.eot]
[wp-content/themes/baloota/fonts/fontawesome-pro-5.11.2-web/webfonts/fa-solid-900.woff2]
[wp-content/themes/baloota/fonts/fontawesome-pro-5.11.2-web/webfonts/fa-solid-900.woff]
[wp-content/themes/baloota/fonts/fontawesome-pro-5.11.2-web/webfonts/fa-solid-900.ttf]
[wp-content/themes/baloota/fonts/fontawesome-pro-5.11.2-web/css/all.min6a4d.css]
[wp-content/themes/baloota/css/nice-select6a4d.css]
[wp-content/themes/baloota/css/owl.theme.default.min6a4d.css]
[wp-content/themes/baloota/fonts/fontawesome-pro-5.11.2-web/webfonts/fa-solid-900.svg]
[wp-content/themes/baloota/css/owl.video.play.png]
[wp-content/themes/baloota/css/owl.carousel.min6a4d.css]
[wp-content/themes/baloota/css/styles6a4d.css]
[wp-content/themes/baloota/css/responsive6a4d.css]
[index3c0f.html]
[wp-content/uploads/2020/04/logo.svg]
[wp-content/themes/baloota/img/bg-1.png]
[wp-json/wp/v2/pages/36.json]
[wp-json/oembed/1.0/embedda49.json]
[wp-json/oembed/1.0/embedbebf]
[weve-got-you-covered/index.html]
[wp-content/uploads/2021/06/ed-hinchliffe-HDg5BOWW-DQ-unsplash-scaled.jpg]
[blog/page/2/index.html]
[android-vs-ios-content-blockers-whats-the-difference/index.html]
[secret-calculator-apps-vs-cover-hiding-explicit-photos/index.html]
[wp-content/uploads/2020/05/Calculator.jpg]
[photo-vaults-2021/index.html]
[wp-content/uploads/2021/06/clint-patterson-dYEuFB8KQJk-unsplash-scaled.jpg]
[wp-content/uploads/2021/06/fly-d-mT7lXZPjk7U-unsplash.jpg]
[2-terrifying-reasons-to-use-a-photo-vault/index.html]
[a-content-blocker-is-different-to-an-ad-blockers/index.html]
[blog/index.html]
[wp-content/uploads/2021/05/masaaki-komori-_we0BQQewBo-unsplash-scaled.jpg]
[wp-json/wp/v2/pages/34.json]
[how-to-safely-hide-your-private-content-a-6-step-process/index.html]
[wp-json/oembed/1.0/embed4674.json]
[wp-content/uploads/2021/05/tim-mossholder-0zRt0bQysMw-unsplash-scaled.jpg]
[wp-json/oembed/1.0/embed10bd]
[faq/index.html]
[faq/getting-started/index.html]
[faq/what-works-with-cover/index.html]
[faq/about-cover/index.html]
[faq/sensitivity-levels/index.html]
[wp-json/wp/v2/pages/30.json]
[faq/devices/index.html]
[faq/auto-hide/index.html]
[faq/returns-policy/index.html]
[faq/instant-blocking/index.html]
[wp-json/oembed/1.0/embed9097.json]
[wp-json/oembed/1.0/embedf6b6]
[see-why-customers-love-us/index.html]
[wp-json/wp/v2/faq/419.json]
[wp-json/oembed/1.0/embedef70.json]
[wp-json/oembed/1.0/embed07f3]
[faq/privacy-policy/index.html]
[wp-json/wp/v2/faq/740.json]
[wp-json/oembed/1.0/embed1d8f.json]
[wp-json/oembed/1.0/embedfc4b]
[faq/terms/index.html]
[wp-content/themes/baloota/fonts/fontawesome-pro-5.11.2-web/webfonts/fa-brands-400.svg]
[wp-content/themes/baloota/fonts/fontawesome-pro-5.11.2-web/webfonts/fa-duotone-900.svg]
[wp-content/themes/baloota/fonts/fontawesome-pro-5.11.2-web/webfonts/fa-light-300.svg]
[wp-content/themes/baloota/fonts/fontawesome-pro-5.11.2-web/webfonts/fa-regular-400.svg]
[wp-content/themes/baloota/fonts/fontawesome-pro-5.11.2-web/webfonts/fa-solid-900.svg]
[wp-content/themes/baloota/css/owl.video.play.html]
[wp-content/uploads/2021/05/Facebook-Post-21.png]
[wp-content/uploads/2021/05/04-copy-no-button.png]
[blog/page/3/index.html]
[how-to-block-adult-content-from-your-android-device/index.html]
[wp-content/uploads/2020/06/Block-photos.jpg]
[best-photo-vaults-for-android/index.html]
[wp-content/uploads/2020/07/photo-1592439024283-43a91c26a445.jpg]
[safely-sending-nudes-6-tips-from-actual-app-developers-2/index.html]
[blog/page/2/index.html]
[cover-2-0-is-here/index.html]
[wp-content/uploads/2020/04/bg-1.png]
[wp-json/wp/v2/posts/914.json]
[weve-got-you-covered-cover-auto-hide-from-baloota/index.html]
[wp-json/oembed/1.0/embed8a47.json]
[wp-json/oembed/1.0/embedc1cd]
[xmlrpc.php]
[android-vs-ios-content-blockers-whats-the-difference/index.html]
[wp-json/wp/v2/posts/376.json]
[wp-json/oembed/1.0/embed4dcb.json]
[wp-json/oembed/1.0/embed29fe]
[secret-calculator-apps-vs-cover-hiding-explicit-photos/index.html]
[wp-json/wp/v2/posts/910.json]
[wp-json/oembed/1.0/embed0093.json]
[wp-json/oembed/1.0/embeda48d]
[photo-vaults-2021/index.html]
[wp-json/wp/v2/posts/916.json]
[wp-json/oembed/1.0/embed00a6.json]
[wp-json/oembed/1.0/embed49a9]
[2-terrifying-reasons-to-use-a-photo-vault/index.html]
[wp-json/wp/v2/posts/847.json]
[wp-json/oembed/1.0/embed5c09.json]
[wp-json/oembed/1.0/embed0503]
[a-content-blocker-is-different-to-an-ad-blockers/index.html]
[wp-json/wp/v2/posts/850.json]
[wp-json/oembed/1.0/embedc75e.json]
[wp-json/oembed/1.0/embedbda5]
[how-to-safely-hide-your-private-content-a-6-step-process/index.html]
[wp-json/wp/v2/faq/413.json]
[wp-json/oembed/1.0/embed2cf0.json]
[wp-json/oembed/1.0/embed76df]
[wp-content/uploads/2020/09/01-copy-2-3-300x150.png]
[wp-content/uploads/2020/06/onboarding0-169x300.png]
[wp-content/uploads/2020/06/onboarding1-1-169x300.png]
[wp-content/uploads/2020/06/onboarding3-169x300.png]
[wp-content/uploads/2020/06/onboarding2-169x300.png]
[wp-content/uploads/2020/09/05-copy-1-2-300x150.png]
[faq/getting-started/index.html]
[wp-json/wp/v2/faq/414.json]
[wp-json/oembed/1.0/embedd9bc.json]
[wp-json/oembed/1.0/embed8f9c]
[wp-content/uploads/2020/06/sensitivity-level1-178x300.png]
[wp-content/uploads/2020/06/sensitivity-level3-178x300.png]
[wp-content/uploads/2020/06/sensitivity-level4-178x300.png]
[wp-content/uploads/2020/06/sensitivity-level2-178x300.png]
[faq/sensitivity-levels/index.html]
[wp-json/wp/v2/faq/181.json]
[wp-json/oembed/1.0/embede977.json]
[wp-json/oembed/1.0/embedb782]
[faq/what-works-with-cover/index.html]
[wp-content/uploads/2020/09/Facebook-Post-1-1-300x158.png]
[wp-json/wp/v2/faq/188.json]
[wp-json/oembed/1.0/embedb7fe.json]
[wp-json/oembed/1.0/embed5853]
[wp-content/uploads/2020/09/05-copy-1-1-300x150.png]
[wp-content/uploads/2020/09/01-copy-2-3-2-300x150.png]
[faq/about-cover/index.html]
[wp-json/wp/v2/faq/416.json]
[wp-json/oembed/1.0/embed5d64.json]
[wp-json/oembed/1.0/embed0807]
[wp-content/uploads/2020/06/Facebook-Post-5-300x158.png]
[faq/auto-hide/index.html]
[wp-json/wp/v2/faq/417.json]
[wp-json/oembed/1.0/embed0b59.json]
[wp-json/oembed/1.0/embed735f]
[wp-content/uploads/2020/09/Cover-block-content-on-your-phone-300x158.png]
[faq/instant-blocking/index.html]
[wp-json/wp/v2/faq/418.json]
[wp-json/oembed/1.0/embedac28.json]
[wp-json/oembed/1.0/embed5d6d]
[faq/returns-policy/index.html]
[wp-json/wp/v2/faq/412.json]
[wp-json/oembed/1.0/embed3599.json]
[wp-json/oembed/1.0/embed286c]
[faq/devices/index.html]
[wp-content/uploads/2021/03/05-copy.png]
[blog/page/4/index.html]
[the-cover-story/index.html]
[cover-vs-keepsafe-top-photo-vault/index.html]
[wp-content/uploads/2020/06/photo-1563915791443-a5e11d3ff785.jpg]
[wp-content/uploads/2020/07/photo-1589518980408-86203a6f2f62.jpg]
[blog/page/3/index.html]
[5-easiest-ways-to-keep-your-android-phone-safe/index.html]
[whats-a-photo-vault/index.html]
[wp-json/wp/v2/posts/803.json]
[wp-content/uploads/2020/09/maxim-zhgulev-5tmItJfHkIc-unsplash-scaled.jpg]
[why-your-android-device-needs-a-strong-password/index.html]
[wp-json/oembed/1.0/embedbf6d.json]
[wp-json/oembed/1.0/embed7387]
[how-to-block-adult-content-from-your-android-device/index.html]
[wp-json/wp/v2/posts/805.json]
[wp-json/oembed/1.0/embed864a.json]
[wp-json/oembed/1.0/embed4973]
[best-photo-vaults-for-android/index.html]
[wp-json/wp/v2/posts/793.json]
[wp-json/oembed/1.0/embed6807.json]
[wp-json/oembed/1.0/embed6f7a]
[safely-sending-nudes-6-tips-from-actual-app-developers-2/index.html]
[wp-json/wp/v2/posts/790.json]
[wp-json/oembed/1.0/embed01da.json]
[wp-json/oembed/1.0/embed60f1]
[cover-2-0-is-here/index.html]
[wp-json/wp/v2/posts/679.json]
[wp-json/oembed/1.0/embed8027.json]
[wp-json/oembed/1.0/embedd2ff]
[weve-got-you-covered-cover-auto-hide-from-baloota/index.html]
[xmlrpc.html]
[faq/features/index.html]
[faq/onboarding/index.html]
[wp-content/uploads/2020/06/photo-1549821053-043114c91bdd.jpg]
[blog/page/5/index.html]
[how-to-hide-photos-on-an-android-tablet/index.html]
[wp-content/uploads/2020/06/Best-VPN-apps.jpg]
[best-free-vpns-for-android/index.html]
[wp-content/uploads/2020/06/photo-1573763955714-e7114250fdaa.jpg]
[wp-content/uploads/2020/06/photo-1541345023926-55d6e0853f4b.jpg]
[wp-content/uploads/2020/06/photo-1591531110744-49eacf536ee7.jpg]
[what-to-know-about-cover-photo-video-vault/index.html]
[blog/page/4/index.html]
[how-to-keep-your-phone-safe-from-your-kids/index.html]
[can-people-see-what-im-looking-up-on-my-phone/index.html]
[wp-json/wp/v2/posts/704.json]
[wp-json/oembed/1.0/embed0ff2.json]
[wp-json/oembed/1.0/embedd0ac]
[the-cover-story/index.html]
[wp-json/wp/v2/posts/574.json]
[wp-json/oembed/1.0/embed8681.json]
[wp-json/oembed/1.0/embed4067]
[wp-content/uploads/2020/06/Get-it-on-Google-Play.png]
[cover-vs-keepsafe-top-photo-vault/index.html]
[wp-content/uploads/2020/09/maxim-zhgulev-5tmItJfHkIc-unsplash-1920x800.jpg]
[wp-json/wp/v2/posts/566.json]
[wp-json/oembed/1.0/embedeb49.json]
[wp-json/oembed/1.0/embed441a]
[whats-a-photo-vault/index.html]
[wp-json/wp/v2/posts/599.json]
[wp-json/oembed/1.0/embed7ade.json]
[wp-json/oembed/1.0/embed9180]
[5-easiest-ways-to-keep-your-android-phone-safe/index.html]
[wp-json/wp/v2/posts/606.json]
[wp-json/oembed/1.0/embed18e7.json]
[wp-json/oembed/1.0/embedc37d]
[wp-content/uploads/2020/09/04-copy-1-1-1-1024x512.png]
[why-your-android-device-needs-a-strong-password/index.html]
[wp-content/uploads/2020/06/photo-1587573578181-f3342274f4c7.jpg]
[8-messaging-apps-that-can-block-explicit-photos/index.html]
[blog/page/6/index.html]
[wp-content/uploads/2020/06/pexels-photo-193349.jpg]
[wp-content/uploads/2020/06/Privacy-1.jpg]
[blog/page/5/index.html]
[11-must-have-essential-android-utility-apps-2020/index.html]
[2-terrifying-reasons-to-use-a-photo-vault-app/index.html]
[safely-sending-nudes-6-tips-from-actual-app-developers/index.html]
[wp-json/wp/v2/posts/541.json]
[wp-json/oembed/1.0/embed8ac6.json]
[wp-json/oembed/1.0/embed41d6]
[how-to-hide-photos-on-an-android-tablet/index.html]
[wp-json/wp/v2/posts/546.json]
[wp-json/oembed/1.0/embed1824.json]
[wp-json/oembed/1.0/embed2965]
[best-free-vpns-for-android/index.html]
[wp-json/wp/v2/posts/511.json]
[wp-json/oembed/1.0/embed8365.json]
[wp-json/oembed/1.0/embed9307]
[wp-content/uploads/2020/09/05-copy-1-2-1024x512.png]
[wp-content/uploads/2020/09/01-copy-2-3-1-1024x512.png]
[what-to-know-about-cover-photo-video-vault/index.html]
[wp-json/wp/v2/posts/483.json]
[wp-json/oembed/1.0/embeddc46.json]
[wp-json/oembed/1.0/embede72c]
[wp-content/uploads/2020/09/05-copy-1-1-1024x512.png]
[wp-content/uploads/2020/09/04-copy-1-1-1024x512.png]
[how-to-keep-your-phone-safe-from-your-kids/index.html]
[wp-json/wp/v2/posts/477.json]
[wp-json/oembed/1.0/embed1aa9.json]
[wp-json/oembed/1.0/embed8760]
[can-people-see-what-im-looking-up-on-my-phone/index.html]
[wp-content/uploads/2020/05/Pornondevice.jpg]
[blog/page/7/index.html]
[wp-content/uploads/2020/05/Hideexplicitphotos.jpg]
[how-safe-is-keeping-porn-on-your-phone/index.html]
[the-most-secure-private-android-photo-vault-app/index.html]
[wp-content/uploads/2020/05/Most-secure-app.jpg]
[how-to-automatically-hide-explicit-photos/index.html]
[the-most-secure-photo-vault-app-2020/index.html]
[blog/page/6/index.html]
[wp-content/uploads/2020/06/photo-1587573578181-f3342274f4c7-800x800.jpg]
[top-5-photo-vault-apps-for-android-2020-ranked/index.html]
[wp-json/wp/v2/posts/458.json]
[wp-content/uploads/2020/05/Screen-Shot-2020-05-30-at-4.12.36-PM.png]
[wp-json/oembed/1.0/embed541c.json]
[wp-json/oembed/1.0/embedc87e]
[wp-content/uploads/2020/05/Screen-Shot-2020-05-30-at-4.07.27-PM.png]
[wp-content/uploads/2020/09/01-copy-2-3-2-1024x512.png]
[wp-content/uploads/2020/09/Cover-content-blocker-screen-highlighted-1-1024x538.png]
[8-messaging-apps-that-can-block-explicit-photos/index.html]
[theres-something-wrong-how-can-i-get-help/index.html]
[wp-content/uploads/2020/06/pexels-photo-193349-1000x800.jpg]
[wp-json/wp/v2/posts/452.json]
[wp-json/oembed/1.0/embedcbe6.json]
[wp-json/oembed/1.0/embed7c5f]
[2-terrifying-reasons-to-use-a-photo-vault-app/index.html]
[wp-json/wp/v2/posts/447.json]
[wp-json/oembed/1.0/embedce15.json]
[wp-json/oembed/1.0/embede6a9]
[safely-sending-nudes-6-tips-from-actual-app-developers/index.html]
[wp-json/wp/v2/posts/433.json]
[wp-json/oembed/1.0/embedf714.json]
[wp-json/oembed/1.0/embed7583]
[11-must-have-essential-android-utility-apps-2020/index.html]
[blog/page/7/index.html]
[7-easy-ways-to-increase-your-android-phones-privacy/index.html]
[wp-content/uploads/2020/05/Screen-Shot-2020-05-30-at-3.59.21-PM.png]
[wp-content/uploads/2020/05/Pornondevice-1920x800.jpg]
[wp-json/wp/v2/posts/362.json]
[wp-json/oembed/1.0/embedee4f.json]
[wp-json/oembed/1.0/embedc579]
[how-safe-is-keeping-porn-on-your-phone/index.html]
[wp-json/wp/v2/posts/357.json]
[wp-json/oembed/1.0/embedbff1.json]
[wp-json/oembed/1.0/embed3b8c]
[the-most-secure-private-android-photo-vault-app/index.html]
[wp-json/wp/v2/posts/352.json]
[wp-json/oembed/1.0/embed0a98.json]
[wp-json/oembed/1.0/embedfe0a]
[how-to-automatically-hide-explicit-photos/index.html]
[wp-json/wp/v2/posts/347.json]
[wp-json/oembed/1.0/embed75f4.json]
[wp-json/oembed/1.0/embeda665]
[the-most-secure-photo-vault-app-2020/index.html]
[wp-json/wp/v2/posts/342.json]
[wp-json/oembed/1.0/embed583d.json]
[wp-json/oembed/1.0/embed8bae]
[top-5-photo-vault-apps-for-android-2020-ranked/index.html]
[theres-something-wrong-how-can-i-get-help/index.html]
[wp-json/wp/v2/posts/337.json]
[wp-json/oembed/1.0/embedb379.json]
[wp-json/oembed/1.0/embed0021]
[7-easy-ways-to-increase-your-android-phones-privacy/index.html]
